// Jest Snapshot v1, https://goo.gl/fbAQLP

exports[`render test1 1`] = `
<div>
  <div
    class="app"
  >
    <h1
      class="sc-kgoBCf uiiTR title"
    >
      Todos
    </h1>
    <input
      aria-label="item-input"
      placeholder="What needs to be done?"
      type="text"
    />
    <ul
      data-testid="list"
    >
      <li
        data-testid="item"
      >
        <input
          type="checkbox"
        />
        <span
          class="item-text"
        >
          milk
        </span>
        <button>
          x
        </button>
      </li>
    </ul>
    <div
      class="buttons"
    >
      <button>
        delete all
      </button>
    </div>
  </div>
</div>
`;
